NAME                SERVICES            ORCHESTRATOR
service-name-bar    1                   Swarm
