cannot get label com.docker.stack.namespace for service serviceID
